// Jest Snapshot v1, https://goo.gl/fbAQLP

exports[`should render Display Profile correctly 1`] = `
<div
  className="container"
>
  <div
    className="profileHeading"
  >
    <h1>
      Test1
    </h1>
    <h3>
      Developer
    </h3>
  </div>
  <hr />
  <div
    className="aboutMe"
  >
    <CloudinaryContext
      cloudName="didtkbpn7"
      includeOwnBody={false}
    >
      <Image
        className="headshot"
        publicId={null}
      >
        <CloudinaryTransformation
          crop="scale"
          dpr="auto"
          height="200"
          responsive_placeholder="blank"
          width="300"
        />
      </Image>
    </CloudinaryContext>
    <div>
      <img
        alt="04444444444"
        height="20"
        id="phoneImage"
        src="phoneImage.png"
        width="20"
      />
      <p
        className="contact"
        id="phone"
      >
        04444444444
      </p>
    </div>
    <div>
      <img
        alt="test1@ga.com"
        height="20"
        id="emailImage"
        src="emailImage1.png"
        width="20"
      />
      <p
        className="contact"
        href="test1@ga.com"
        id="email"
      >
        test1@ga.com
      </p>
    </div>
    <div>
      <img
        alt="https://github.com/little-chi-mai"
        height="20"
        id="gitImage"
        src="gitImage.png"
        width="20"
      />
      <a
        className="contact"
        href="https://github.com/little-chi-mai"
        id="git"
        target="_blank"
      >
        https://github.com/little-chi-mai
      </a>
    </div>
  </div>
  <div
    className="profileInfo"
  >
    <h1>
      Hello,
    </h1>
    <h2>
      A bit more about me: 
    </h2>
    <h5>
      I have a great passion about solving real world problems and helping people. And now, with the skills that I have been learning in programming and computer science from the Software Engineering Course at General Assembly, I will be able to do that with new technologies. I believe in the power of technology and its impact to everyone's daily lives.
    </h5>
    <div>
      <div
        className="skills"
      >
        <h4>
           Professional Skills:
        </h4>
        <span>
          HTML
        </span>
        <span>
          PHP
        </span>
        <span>
          Java
        </span>
        <span>
          CSS
        </span>
      </div>
      <div
        className="resume"
      >
        <p>
          <a
            href=""
            target="_blank"
          />
          Resume
        </p>
      </div>
      <div
        className="linkedIn"
      >
        <p>
          <a
            href="https://linkedin.com/in/chi-mai-nguyenn"
            target="_blank"
          >
            LinkedIn
          </a>
        </p>
      </div>
      <div
        className="portfolio"
      >
        <p>
          <a
            href="https://little-chi-mai.github.io/portfolio"
            target="_blank"
          >
            Portfolio
          </a>
        </p>
      </div>
    </div>
  </div>
  <div>
    <button
      className="button"
      disabled={true}
    >
      Update Profile
    </button>
  </div>
</div>
`;
